[INFO] Scanning for projects...
[INFO] 
[INFO] ---------------------< com.mahendra:security-demo >---------------------
[INFO] Building security-demo 0.1
[INFO]   from pom.xml
[INFO] --------------------------------[ jar ]---------------------------------
[INFO] 
[INFO] >>> spring-boot:4.1.1:run (default-cli) > test-compile @ security-demo >>>
[INFO] 
[INFO] --- resources:3.5.0:resources (default-resources) @ security-demo ---
[INFO] Copying 1 resource from src\main\resources to target\classes
[INFO] Copying 1 resource from src\main\resources to target\classes
[INFO] 
[INFO] --- compiler:3.15.0:compile (default-compile) @ security-demo ---
[INFO] Recompiling the module because of changed source code.
[INFO] Compiling 11 source files with javac [debug parameters release 17] to target\classes
[INFO] -------------------------------------------------------------
[ERROR] COMPILATION ERROR : 
[INFO] -------------------------------------------------------------
[ERROR] /C:/Users/Mahendra/Spring-boot-day1/security-demo/src/main/java/com/mahendra/securitydemo/security/JsonAuthenticationSuccessHandler.java:[3,38] package com.fasterxml.jackson.databind does not exist
[ERROR] /C:/Users/Mahendra/Spring-boot-day1/security-demo/src/main/java/com/mahendra/securitydemo/security/JsonAuthenticationFailureHandler.java:[3,38] package com.fasterxml.jackson.databind does not exist
[ERROR] /C:/Users/Mahendra/Spring-boot-day1/security-demo/src/main/java/com/mahendra/securitydemo/security/JsonAuthenticationEntryPoint.java:[3,38] package com.fasterxml.jackson.databind does not exist
[ERROR] /C:/Users/Mahendra/Spring-boot-day1/security-demo/src/main/java/com/mahendra/securitydemo/security/JsonAccessDeniedHandler.java:[3,38] package com.fasterxml.jackson.databind does not exist
[ERROR] /C:/Users/Mahendra/Spring-boot-day1/security-demo/src/main/java/com/mahendra/securitydemo/security/JsonLogoutSuccessHandler.java:[3,38] package com.fasterxml.jackson.databind does not exist
[ERROR] /C:/Users/Mahendra/Spring-boot-day1/security-demo/src/main/java/com/mahendra/securitydemo/security/JsonLogoutSuccessHandler.java:[18,19] cannot find symbol
  symbol:   class ObjectMapper
  location: class com.mahendra.securitydemo.security.JsonLogoutSuccessHandler
[ERROR] /C:/Users/Mahendra/Spring-boot-day1/security-demo/src/main/java/com/mahendra/securitydemo/security/JsonAccessDeniedHandler.java:[19,19] cannot find symbol
  symbol:   class ObjectMapper
  location: class com.mahendra.securitydemo.security.JsonAccessDeniedHandler
[ERROR] /C:/Users/Mahendra/Spring-boot-day1/security-demo/src/main/java/com/mahendra/securitydemo/security/JsonAuthenticationEntryPoint.java:[19,19] cannot find symbol
  symbol:   class ObjectMapper
  location: class com.mahendra.securitydemo.security.JsonAuthenticationEntryPoint
[ERROR] /C:/Users/Mahendra/Spring-boot-day1/security-demo/src/main/java/com/mahendra/securitydemo/security/JsonAuthenticationFailureHandler.java:[18,19] cannot find symbol
  symbol:   class ObjectMapper
  location: class com.mahendra.securitydemo.security.JsonAuthenticationFailureHandler
[ERROR] /C:/Users/Mahendra/Spring-boot-day1/security-demo/src/main/java/com/mahendra/securitydemo/security/JsonAuthenticationSuccessHandler.java:[19,19] cannot find symbol
  symbol:   class ObjectMapper
  location: class com.mahendra.securitydemo.security.JsonAuthenticationSuccessHandler
[ERROR] /C:/Users/Mahendra/Spring-boot-day1/security-demo/src/main/java/com/mahendra/securitydemo/security/JsonAuthenticationSuccessHandler.java:[19,51] cannot find symbol
  symbol:   class ObjectMapper
  location: class com.mahendra.securitydemo.security.JsonAuthenticationSuccessHandler
[ERROR] /C:/Users/Mahendra/Spring-boot-day1/security-demo/src/main/java/com/mahendra/securitydemo/security/JsonAuthenticationFailureHandler.java:[18,51] cannot find symbol
  symbol:   class ObjectMapper
  location: class com.mahendra.securitydemo.security.JsonAuthenticationFailureHandler
[ERROR] /C:/Users/Mahendra/Spring-boot-day1/security-demo/src/main/java/com/mahendra/securitydemo/security/JsonAuthenticationEntryPoint.java:[19,51] cannot find symbol
  symbol:   class ObjectMapper
  location: class com.mahendra.securitydemo.security.JsonAuthenticationEntryPoint
[ERROR] /C:/Users/Mahendra/Spring-boot-day1/security-demo/src/main/java/com/mahendra/securitydemo/security/JsonAccessDeniedHandler.java:[19,51] cannot find symbol
  symbol:   class ObjectMapper
  location: class com.mahendra.securitydemo.security.JsonAccessDeniedHandler
[ERROR] /C:/Users/Mahendra/Spring-boot-day1/security-demo/src/main/java/com/mahendra/securitydemo/security/JsonLogoutSuccessHandler.java:[18,51] cannot find symbol
  symbol:   class ObjectMapper
  location: class com.mahendra.securitydemo.security.JsonLogoutSuccessHandler
[INFO] 15 errors 
[INFO] -------------------------------------------------------------
[INFO] ------------------------------------------------------------------------
[INFO] BUILD FAILURE
[INFO] ------------------------------------------------------------------------
[INFO] Total time:  2.312 s
[INFO] Finished at: 2026-10-09T10:42:16+05:30
[INFO] ------------------------------------------------------------------------
[ERROR] Failed to execute goal org.apache.maven.plugins:maven-compiler-plugin:3.15.0:compile (default-compile) on project security-demo: Compilation failure: Compilation failure: 
[ERROR] /C:/Users/Mahendra/Spring-boot-day1/security-demo/src/main/java/com/mahendra/securitydemo/security/JsonAuthenticationSuccessHandler.java:[3,38] package com.fasterxml.jackson.databind does not exist
[ERROR] /C:/Users/Mahendra/Spring-boot-day1/security-demo/src/main/java/com/mahendra/securitydemo/security/JsonAuthenticationFailureHandler.java:[3,38] package com.fasterxml.jackson.databind does not exist
[ERROR] /C:/Users/Mahendra/Spring-boot-day1/security-demo/src/main/java/com/mahendra/securitydemo/security/JsonAuthenticationEntryPoint.java:[3,38] package com.fasterxml.jackson.databind does not exist
[ERROR] /C:/Users/Mahendra/Spring-boot-day1/security-demo/src/main/java/com/mahendra/securitydemo/security/JsonAccessDeniedHandler.java:[3,38] package com.fasterxml.jackson.databind does not exist
[ERROR] /C:/Users/Mahendra/Spring-boot-day1/security-demo/src/main/java/com/mahendra/securitydemo/security/JsonLogoutSuccessHandler.java:[3,38] package com.fasterxml.jackson.databind does not exist
[ERROR] /C:/Users/Mahendra/Spring-boot-day1/security-demo/src/main/java/com/mahendra/securitydemo/security/JsonLogoutSuccessHandler.java:[18,19] cannot find symbol
[ERROR]   symbol:   class ObjectMapper
[ERROR]   location: class com.mahendra.securitydemo.security.JsonLogoutSuccessHandler
[ERROR] /C:/Users/Mahendra/Spring-boot-day1/security-demo/src/main/java/com/mahendra/securitydemo/security/JsonAccessDeniedHandler.java:[19,19] cannot find symbol
[ERROR]   symbol:   class ObjectMapper
[ERROR]   location: class com.mahendra.securitydemo.security.JsonAccessDeniedHandler
[ERROR] /C:/Users/Mahendra/Spring-boot-day1/security-demo/src/main/java/com/mahendra/securitydemo/security/JsonAuthenticationEntryPoint.java:[19,19] cannot find symbol
[ERROR]   symbol:   class ObjectMapper
[ERROR]   location: class com.mahendra.securitydemo.security.JsonAuthenticationEntryPoint
[ERROR] /C:/Users/Mahendra/Spring-boot-day1/security-demo/src/main/java/com/mahendra/securitydemo/security/JsonAuthenticationFailureHandler.java:[18,19] cannot find symbol
[ERROR]   symbol:   class ObjectMapper
[ERROR]   location: class com.mahendra.securitydemo.security.JsonAuthenticationFailureHandler
[ERROR] /C:/Users/Mahendra/Spring-boot-day1/security-demo/src/main/java/com/mahendra/securitydemo/security/JsonAuthenticationSuccessHandler.java:[19,19] cannot find symbol
[ERROR]   symbol:   class ObjectMapper
[ERROR]   location: class com.mahendra.securitydemo.security.JsonAuthenticationSuccessHandler
[ERROR] /C:/Users/Mahendra/Spring-boot-day1/security-demo/src/main/java/com/mahendra/securitydemo/security/JsonAuthenticationSuccessHandler.java:[19,51] cannot find symbol
[ERROR]   symbol:   class ObjectMapper
[ERROR]   location: class com.mahendra.securitydemo.security.JsonAuthenticationSuccessHandler
[ERROR] /C:/Users/Mahendra/Spring-boot-day1/security-demo/src/main/java/com/mahendra/securitydemo/security/JsonAuthenticationFailureHandler.java:[18,51] cannot find symbol
[ERROR]   symbol:   class ObjectMapper
[ERROR]   location: class com.mahendra.securitydemo.security.JsonAuthenticationFailureHandler
[ERROR] /C:/Users/Mahendra/Spring-boot-day1/security-demo/src/main/java/com/mahendra/securitydemo/security/JsonAuthenticationEntryPoint.java:[19,51] cannot find symbol
[ERROR]   symbol:   class ObjectMapper
[ERROR]   location: class com.mahendra.securitydemo.security.JsonAuthenticationEntryPoint
[ERROR] /C:/Users/Mahendra/Spring-boot-day1/security-demo/src/main/java/com/mahendra/securitydemo/security/JsonAccessDeniedHandler.java:[19,51] cannot find symbol
[ERROR]   symbol:   class ObjectMapper
[ERROR]   location: class com.mahendra.securitydemo.security.JsonAccessDeniedHandler
[ERROR] /C:/Users/Mahendra/Spring-boot-day1/security-demo/src/main/java/com/mahendra/securitydemo/security/JsonLogoutSuccessHandler.java:[18,51] cannot find symbol
[ERROR]   symbol:   class ObjectMapper
[ERROR]   location: class com.mahendra.securitydemo.security.JsonLogoutSuccessHandler
[ERROR] -> [Help 1]
[ERROR] 
[ERROR] To see the full stack trace of the errors, re-run Maven with the -e switch.
[ERROR] Re-run Maven using the -X switch to enable full debug logging.
[ERROR] 
[ERROR] For more information about the errors and possible solutions, please read the following articles:
[ERROR] [Help 1] http://cwiki.apache.org/confluence/display/MAVEN/MojoFailureException
